// Jest Snapshot v1, https://goo.gl/fbAQLP

exports[`App - render should match snapshot 1`] = `
<ContextProvider
  value="test count"
>
  <ContextProvider
    value="test actions"
  >
    <div
      className="app"
    >
      <CounterContainer>
        <CounterOutput />
        <CounterActions />
      </CounterContainer>
    </div>
  </ContextProvider>
</ContextProvider>
`;
